`torch_dtype` is deprecated! Use `dtype` instead!
Loading weights:   0%|                                      | 0/291 [00:00<?, ?it/s]Loading weights:   1%|▍                             | 4/291 [00:00<00:08, 33.06it/s]Loading weights:   3%|▊                             | 8/291 [00:00<00:18, 15.13it/s]Loading weights:   4%|█                            | 11/291 [00:00<00:28,  9.69it/s]Loading weights:   4%|█▎                           | 13/291 [00:01<00:27, 10.09it/s]Loading weights:   5%|█▍                           | 15/291 [00:01<00:25, 10.72it/s]Loading weights:  71%|███████████████████        | 206/291 [00:01<00:00, 343.66it/s]Loading weights: 100%|███████████████████████████| 291/291 [00:01<00:00, 200.87it/s]
The following generation flags are not valid and may be ignored: ['temperature', 'top_p']. Set `TRANSFORMERS_VERBOSITY=info` for more details.
[batch 10] written=80/1500 rate=0.48 rows/s
[batch 20] written=160/1500 rate=0.48 rows/s
[batch 30] written=240/1500 rate=0.48 rows/s
[batch 40] written=320/1500 rate=0.48 rows/s
[batch 50] written=400/1500 rate=0.48 rows/s
[batch 60] written=480/1500 rate=0.48 rows/s
[batch 70] written=560/1500 rate=0.48 rows/s
[batch 80] written=640/1500 rate=0.48 rows/s
[batch 90] written=720/1500 rate=0.48 rows/s
[batch 100] written=800/1500 rate=0.48 rows/s
[batch 110] written=880/1500 rate=0.48 rows/s
[batch 120] written=960/1500 rate=0.48 rows/s
[batch 130] written=1040/1500 rate=0.48 rows/s
[batch 140] written=1120/1500 rate=0.48 rows/s
[batch 150] written=1200/1500 rate=0.48 rows/s
[batch 160] written=1280/1500 rate=0.48 rows/s
[batch 170] written=1360/1500 rate=0.48 rows/s
[batch 180] written=1440/1500 rate=0.48 rows/s
[done] wrote: /home/ubuntu/lora_reports/sandbagging_500x3.jsonl
[done] rows: 1500
[done] elapsed_s: 3154.0
[done] rows_per_s: 0.48

real=52:41.75
user=3173.45
sys=4.97
max_mem_kb=16739264
